[debug] [2026-08-04T02:08:36.415Z] ----------------------------------------------------------------------
[debug] [2026-08-04T02:08:36.424Z] Command:       D:\Program Files\nodejs\node.exe C:\Users\ngotr\AppData\Roaming\npm\node_modules\firebase-tools\lib\bin\firebase.js deploy --only functions
[debug] [2026-08-04T02:08:36.425Z] CLI Version:   15.24.0
[debug] [2026-08-04T02:08:36.426Z] Platform:      win32
[debug] [2026-08-04T02:08:36.426Z] Node Version:  v24.14.0
[debug] [2026-08-04T02:08:36.426Z] Detected Agent: unknown
[debug] [2026-08-04T02:08:36.427Z] Time:          Tue Aug 04 2026 09:08:36 GMT+0700 (Giờ Đông Dương)
[debug] [2026-08-04T02:08:36.427Z] ----------------------------------------------------------------------
[debug] 
[debug] [2026-08-04T02:08:42.073Z] > command requires scopes: ["email","openid","https://www.googleapis.com/auth/cloudplatformprojects.readonly","https://www.googleapis.com/auth/firebase","https://www.googleapis.com/auth/cloud-platform"]
[debug] [2026-08-04T02:08:42.074Z] > authorizing via signed-in user (ngotritoan33@gmail.com)
[debug] [2026-08-04T02:08:42.074Z] [iam] checking project project2-197c0 for permissions ["cloudfunctions.functions.create","cloudfunctions.functions.delete","cloudfunctions.functions.get","cloudfunctions.functions.list","cloudfunctions.functions.update","cloudfunctions.operations.get","firebase.projects.get"]
[debug] [2026-08-04T02:08:42.102Z] Checked if tokens are valid: false, expires at: 1785809648698
[debug] [2026-08-04T02:08:42.102Z] Checked if tokens are valid: false, expires at: 1785809648698
[debug] [2026-08-04T02:08:42.103Z] > refreshing access token with scopes: []
[debug] [2026-08-04T02:08:42.106Z] >>> [apiv2][query] POST https://www.googleapis.com/oauth2/v3/token [none]
[debug] [2026-08-04T02:08:42.107Z] >>> [apiv2][body] POST https://www.googleapis.com/oauth2/v3/token [omitted]
[debug] [2026-08-04T02:08:42.447Z] <<< [apiv2][status] POST https://www.googleapis.com/oauth2/v3/token 200
[debug] [2026-08-04T02:08:42.448Z] <<< [apiv2][body] POST https://www.googleapis.com/oauth2/v3/token [omitted]
[debug] [2026-08-04T02:08:42.462Z] >>> [apiv2][query] POST https://cloudresourcemanager.googleapis.com/v1/projects/project2-197c0:testIamPermissions [none]
[debug] [2026-08-04T02:08:42.462Z] >>> [apiv2][(partial)header] POST https://cloudresourcemanager.googleapis.com/v1/projects/project2-197c0:testIamPermissions  x-goog-user-project=project2-197c0
[debug] [2026-08-04T02:08:42.462Z] >>> [apiv2][body] POST https://cloudresourcemanager.googleapis.com/v1/projects/project2-197c0:testIamPermissions {"permissions":["cloudfunctions.functions.create","cloudfunctions.functions.delete","cloudfunctions.functions.get","cloudfunctions.functions.list","cloudfunctions.functions.update","cloudfunctions.operations.get","firebase.projects.get"]}
[debug] [2026-08-04T02:08:43.624Z] <<< [apiv2][status] POST https://cloudresourcemanager.googleapis.com/v1/projects/project2-197c0:testIamPermissions 200
[debug] [2026-08-04T02:08:43.625Z] <<< [apiv2][body] POST https://cloudresourcemanager.googleapis.com/v1/projects/project2-197c0:testIamPermissions {"permissions":["cloudfunctions.functions.create","cloudfunctions.functions.delete","cloudfunctions.functions.get","cloudfunctions.functions.list","cloudfunctions.functions.update","cloudfunctions.operations.get","firebase.projects.get"]}
[debug] [2026-08-04T02:08:43.626Z] Checked if tokens are valid: true, expires at: 1785812921448
[debug] [2026-08-04T02:08:43.626Z] Checked if tokens are valid: true, expires at: 1785812921448
[debug] [2026-08-04T02:08:43.626Z] >>> [apiv2][query] POST https://iam.googleapis.com/v1/projects/project2-197c0/serviceAccounts/project2-197c0@appspot.gserviceaccount.com:testIamPermissions [none]
[debug] [2026-08-04T02:08:43.626Z] >>> [apiv2][body] POST https://iam.googleapis.com/v1/projects/project2-197c0/serviceAccounts/project2-197c0@appspot.gserviceaccount.com:testIamPermissions {"permissions":["iam.serviceAccounts.actAs"]}
[debug] [2026-08-04T02:08:45.082Z] <<< [apiv2][status] POST https://iam.googleapis.com/v1/projects/project2-197c0/serviceAccounts/project2-197c0@appspot.gserviceaccount.com:testIamPermissions 404
[debug] [2026-08-04T02:08:45.082Z] <<< [apiv2][body] POST https://iam.googleapis.com/v1/projects/project2-197c0/serviceAccounts/project2-197c0@appspot.gserviceaccount.com:testIamPermissions {"error":{"code":404,"message":"Unknown service account","status":"NOT_FOUND"}}
[debug] [2026-08-04T02:08:45.083Z] [functions] service account IAM check errored, deploy may fail: Request to https://iam.googleapis.com/v1/projects/project2-197c0/serviceAccounts/project2-197c0@appspot.gserviceaccount.com:testIamPermissions had HTTP Error: 404, Unknown service account {"name":"FirebaseError","children":[],"context":{"body":{"error":{"code":404,"message":"Unknown service account","status":"NOT_FOUND"}},"response":{"statusCode":404}},"exit":1,"message":"Request to https://iam.googleapis.com/v1/projects/project2-197c0/serviceAccounts/project2-197c0@appspot.gserviceaccount.com:testIamPermissions had HTTP Error: 404, Unknown service account","status":404}
[info] 
[info] === Deploying to 'project2-197c0'...
[info] 
[info] i  deploying functions 
[info] +  functions: Finished running predeploy script. 
[debug] [2026-08-04T02:08:45.115Z] Checked if tokens are valid: true, expires at: 1785812921448
[debug] [2026-08-04T02:08:45.115Z] Checked if tokens are valid: true, expires at: 1785812921448
[debug] [2026-08-04T02:08:45.115Z] >>> [apiv2][query] GET https://cloudresourcemanager.googleapis.com/v1/projects/project2-197c0 [none]
[debug] [2026-08-04T02:08:45.399Z] <<< [apiv2][status] GET https://cloudresourcemanager.googleapis.com/v1/projects/project2-197c0 200
[debug] [2026-08-04T02:08:45.399Z] <<< [apiv2][body] GET https://cloudresourcemanager.googleapis.com/v1/projects/project2-197c0 {"projectNumber":"74299448223","projectId":"project2-197c0","lifecycleState":"ACTIVE","name":"project2","labels":{"firebase":"enabled"},"createTime":"2024-04-10T02:01:09.318972Z"}
[info] i  functions: preparing codebase default for deployment 
[info] i  functions: ensuring required API cloudfunctions.googleapis.com is enabled... 
[info] i  functions: ensuring required API cloudbuild.googleapis.com is enabled... 
[info] i  artifactregistry: ensuring required API artifactregistry.googleapis.com is enabled... 
[debug] [2026-08-04T02:08:45.404Z] Checked if tokens are valid: true, expires at: 1785812921448
[debug] [2026-08-04T02:08:45.404Z] Checked if tokens are valid: true, expires at: 1785812921448
[debug] [2026-08-04T02:08:45.405Z] >>> [apiv2][query] GET https://firebase.googleapis.com/v1beta1/projects/project2-197c0/adminSdkConfig [none]
[debug] [2026-08-04T02:08:46.218Z] <<< [apiv2][status] GET https://firebase.googleapis.com/v1beta1/projects/project2-197c0/adminSdkConfig 200
[debug] [2026-08-04T02:08:46.218Z] <<< [apiv2][body] GET https://firebase.googleapis.com/v1beta1/projects/project2-197c0/adminSdkConfig {"projectId":"project2-197c0","databaseURL":"https://project2-197c0-default-rtdb.firebaseio.com","storageBucket":"project2-197c0.firebasestorage.app"}
[debug] [2026-08-04T02:08:46.220Z] Validating nodejs source
[warn] !  functions: package.json indicates an outdated version of firebase-functions. Please upgrade using npm install --save firebase-functions@latest in your functions directory. 
[debug] [2026-08-04T02:08:48.465Z] > [functions] package.json contents: {
  "name": "functions",
  "description": "Cloud Functions for Firebase",
  "scripts": {
    "lint": "eslint .",
    "serve": "firebase emulators:start --only functions",
    "shell": "firebase functions:shell",
    "start": "npm run shell",
    "deploy": "firebase deploy --only functions",
    "logs": "firebase functions:log"
  },
  "engines": {
    "node": "22"
  },
  "main": "index.js",
  "dependencies": {
    "firebase-functions": "^7.0.0",
    "mongodb": "^7.4.0"
  },
  "devDependencies": {
    "eslint": "^8.15.0",
    "eslint-config-google": "^0.14.0",
    "firebase-functions-test": "^3.4.1"
  },
  "private": true
}
[debug] [2026-08-04T02:08:48.465Z] Building nodejs source
[info] i  functions: Loading and analyzing source code for codebase default to determine what to deploy 
[debug] [2026-08-04T02:08:48.469Z] Could not find functions.yaml. Must use http discovery
[debug] [2026-08-04T02:08:48.484Z] Found firebase-functions binary at 'D:\Code\lawMachine\functions\node_modules\.bin\firebase-functions'
[info] Serving at port 8822

[debug] [2026-08-04T02:08:50.163Z] Got response from /__/functions.yaml {"endpoints":{"appConfig":{"availableMemoryMb":null,"timeoutSeconds":null,"minInstances":null,"maxInstances":null,"ingressSettings":null,"concurrency":null,"serviceAccountEmail":null,"vpc":null,"platform":"gcfv2","labels":{},"httpsTrigger":{},"entryPoint":"appConfig"},"askLawAI":{"availableMemoryMb":256,"timeoutSeconds":null,"minInstances":null,"maxInstances":null,"ingressSettings":null,"concurrency":null,"serviceAccountEmail":null,"vpc":null,"platform":"gcfv2","labels":{},"httpsTrigger":{},"entryPoint":"askLawAI"},"callOneLaw":{"availableMemoryMb":null,"timeoutSeconds":null,"minInstances":null,"maxInstances":null,"ingressSettings":null,"concurrency":null,"serviceAccountEmail":null,"vpc":null,"platform":"gcfv2","labels":{},"httpsTrigger":{},"entryPoint":"callOneLaw"},"countAllLaw":{"availableMemoryMb":null,"timeoutSeconds":null,"minInstances":null,"maxInstances":null,"ingressSettings":null,"concurrency":null,"serviceAccountEmail":null,"vpc":null,"platform":"gcfv2","labels":{},"httpsTrigger":{},"entryPoint":"countAllLaw"},"getSuggestData":{"availableMemoryMb":null,"timeoutSeconds":null,"minInstances":null,"maxInstances":null,"ingressSettings":null,"concurrency":null,"serviceAccountEmail":null,"vpc":null,"platform":"gcfv2","labels":{},"httpsTrigger":{},"entryPoint":"getSuggestData"},"getSuggestDescs":{"availableMemoryMb":null,"timeoutSeconds":null,"minInstances":null,"maxInstances":null,"ingressSettings":null,"concurrency":null,"serviceAccountEmail":null,"vpc":null,"platform":"gcfv2","labels":{},"httpsTrigger":{},"entryPoint":"getSuggestDescs"},"getSuggestIds":{"availableMemoryMb":null,"timeoutSeconds":null,"minInstances":null,"maxInstances":null,"ingressSettings":null,"concurrency":null,"serviceAccountEmail":null,"vpc":null,"platform":"gcfv2","labels":{},"httpsTrigger":{},"entryPoint":"getSuggestIds"},"getlastedlaws":{"availableMemoryMb":null,"timeoutSeconds":null,"minInstances":null,"maxInstances":null,"ingressSettings":null,"concurrency":null,"serviceAccountEmail":null,"vpc":null,"platform":"gcfv2","labels":{},"httpsTrigger":{},"entryPoint":"getlastedlaws"},"reportLatestVersion":{"availableMemoryMb":null,"timeoutSeconds":null,"minInstances":null,"maxInstances":null,"ingressSettings":null,"concurrency":null,"serviceAccountEmail":null,"vpc":null,"platform":"gcfv2","labels":{},"httpsTrigger":{},"entryPoint":"reportLatestVersion"},"searchContent":{"availableMemoryMb":null,"timeoutSeconds":null,"minInstances":null,"maxInstances":null,"ingressSettings":null,"concurrency":null,"serviceAccountEmail":null,"vpc":null,"platform":"gcfv2","labels":{},"httpsTrigger":{},"entryPoint":"searchContent"},"searchLawDescription":{"availableMemoryMb":null,"timeoutSeconds":null,"minInstances":null,"maxInstances":null,"ingressSettings":null,"concurrency":null,"serviceAccountEmail":null,"vpc":null,"platform":"gcfv2","labels":{},"httpsTrigger":{},"entryPoint":"searchLawDescription"}},"specVersion":"v1alpha1","requiredAPIs":[],"extensions":{}}
[debug] [2026-08-04T02:08:53.268Z] Checked if tokens are valid: true, expires at: 1785812921448
[debug] [2026-08-04T02:08:53.268Z] Checked if tokens are valid: true, expires at: 1785812921448
[debug] [2026-08-04T02:08:53.268Z] >>> [apiv2][query] GET https://cloudfunctions.googleapis.com/v1/projects/project2-197c0/locations/-/functions [none]
[debug] [2026-08-04T02:08:54.291Z] <<< [apiv2][status] GET https://cloudfunctions.googleapis.com/v1/projects/project2-197c0/locations/-/functions 200
[debug] [2026-08-04T02:08:54.291Z] <<< [apiv2][body] GET https://cloudfunctions.googleapis.com/v1/projects/project2-197c0/locations/-/functions {}
[debug] [2026-08-04T02:08:54.292Z] Checked if tokens are valid: true, expires at: 1785812921448
[debug] [2026-08-04T02:08:54.292Z] Checked if tokens are valid: true, expires at: 1785812921448
[debug] [2026-08-04T02:08:54.293Z] >>> [apiv2][query] GET https://cloudfunctions.googleapis.com/v2/projects/project2-197c0/locations/-/functions filter=environment%3D%22GEN_2%22
